node.exe : C:\Users\HI\Documents\GitHub\_deve 
local\_React Apps\test\node_modules\@prisma\client\src\ru
ntime\getPrismaClient.ts:239
At line:1 char:1
+ & "C:\Program Files\nodejs/node.exe" "C:\Program 
Files\nodejs/node_mo ...
+ ~~~~~~~~~~~~~~~~~~~~~~~~~~~~~~~~~~~~~~~~~~~~~~~~~~~~~~~
~~~~~~~~~~~~~~
    + CategoryInfo          : NotSpecified: (C:\Users\HI 
   \Doc...maClient.ts:239:String) [], RemoteException
    + FullyQualifiedErrorId : NativeCommandError
 
      config = 
optionsArg.__internal?.configOverride?.(config) ?? config
                          ^
TypeError: Cannot read properties of undefined (reading 
'__internal')
    at new t (C:\Users\HI\Documents\GitHub\_deve 
local\_React Apps\test\node_modules\@prisma\client\src\ru
ntime\getPrismaClient.ts:239:27)
    at file:///C:/Users/HI/Documents/GitHub/_deve%20local
/_React%20Apps/test/scripts/test-db.ts:5:16
    at ModuleJob.run 
(node:internal/modules/esm/module_job:377:25)
    at async onImport.tracePromise.__proto__ 
(node:internal/modules/esm/loader:691:26)
    at async asyncRunEntryPointWithESMLoader 
(node:internal/modules/run_main:101:5)
