[dotenv@17.2.3] injecting env (0) from .env.test -- tip: ≡ƒöä add secrets lifecycle management: https://dotenvx.com/ops
[dotenv@17.2.3] injecting env (4) from .env.test.local -- tip: ≡ƒöÉ encrypt with Dotenvx: https://dotenvx.com
≡ƒº¬ Vitest loading .env.test - Database: WARNING: Not using test DB!

[1m[46m RUN [49m[22m [36mv4.0.15 [39m[90mD:/Users/HI/Documents/GitHub/testTemplateGithub[39m

[90mstdout[2m | tests/unit/services/membership-type.service.test.ts
[22m[39m[dotenv@17.2.3] injecting env (0) from .env.test -- tip: ΓÜÖ∩╕Å  suppress all logs with { quiet: true }
{"level":"info","message":"Initializing Prisma with Host: ep-odd-waterfall-a1jyuyy8-pooler.ap-southeast-1.aws.neon.tech, DB: neondb","timestamp":"2026-01-09T23:53:25.313Z"}
[DEBUG] Prisma Source: .env.test | Host: ep-odd-waterfall-a1jyuyy8-pooler.ap-southeast-1.aws.neon.tech

[90mstdout[2m | tests/unit/services/membership-type.service.test.ts
[22m[39mSetup: DATABASE_URL is defined
Setup: Using database: neondb (production)

 [32mΓ£ô[39m tests/unit/services/membership-type.service.test.ts[2m > [22mMembershipTypeService[2m > [22mgetAllTypes[2m > [22mshould return all membership types[32m 2[2mms[22m[39m
 [32mΓ£ô[39m tests/unit/services/membership-type.service.test.ts[2m > [22mMembershipTypeService[2m > [22mgetActiveTypes[2m > [22mshould return active membership types[32m 0[2mms[22m[39m
 [32mΓ£ô[39m tests/unit/services/membership-type.service.test.ts[2m > [22mMembershipTypeService[2m > [22mgetTypeById[2m > [22mshould return membership type by id[32m 1[2mms[22m[39m
 [32mΓ£ô[39m tests/unit/services/membership-type.service.test.ts[2m > [22mMembershipTypeService[2m > [22mgetTypeById[2m > [22mshould throw NotFoundError if type not found[32m 1[2mms[22m[39m
 [32mΓ£ô[39m tests/unit/services/membership-type.service.test.ts[2m > [22mMembershipTypeService[2m > [22mcreateType[2m > [22mshould create a new membership type successfully[32m 2[2mms[22m[39m
 [32mΓ£ô[39m tests/unit/services/membership-type.service.test.ts[2m > [22mMembershipTypeService[2m > [22mcreateType[2m > [22mshould throw ValidationError if name already exists[32m 0[2mms[22m[39m
 [32mΓ£ô[39m tests/unit/services/membership-type.service.test.ts[2m > [22mMembershipTypeService[2m > [22mcreateType[2m > [22mshould throw ValidationError if code already exists[32m 0[2mms[22m[39m
 [32mΓ£ô[39m tests/unit/services/membership-type.service.test.ts[2m > [22mMembershipTypeService[2m > [22mupdateType[2m > [22mshould update membership type successfully[32m 0[2mms[22m[39m
 [32mΓ£ô[39m tests/unit/services/membership-type.service.test.ts[2m > [22mMembershipTypeService[2m > [22mupdateType[2m > [22mshould throw NotFoundError if type not found[32m 0[2mms[22m[39m
 [31m├ù[39m tests/unit/services/membership-type.service.test.ts[2m > [22mMembershipTypeService[2m > [22mupdateType[2m > [22mshould throw ValidationError if trying to update system-defined type[32m 5[2mms[22m[39m
[31m   ΓåÆ promise resolved "{ id: '1', name: 'Premium', ΓÇª(2) }" instead of rejecting[39m
 [32mΓ£ô[39m tests/unit/services/membership-type.service.test.ts[2m > [22mMembershipTypeService[2m > [22mupdateType[2m > [22mshould throw ValidationError if new name already exists[32m 0[2mms[22m[39m
 [32mΓ£ô[39m tests/unit/services/membership-type.service.test.ts[2m > [22mMembershipTypeService[2m > [22mupdateType[2m > [22mshould throw ValidationError if new code already exists[32m 0[2mms[22m[39m
 [32mΓ£ô[39m tests/unit/services/membership-type.service.test.ts[2m > [22mMembershipTypeService[2m > [22mdeleteType[2m > [22mshould delete membership type successfully[32m 0[2mms[22m[39m
 [32mΓ£ô[39m tests/unit/services/membership-type.service.test.ts[2m > [22mMembershipTypeService[2m > [22mdeleteType[2m > [22mshould throw NotFoundError if type not found[32m 0[2mms[22m[39m
 [31m├ù[39m tests/unit/services/membership-type.service.test.ts[2m > [22mMembershipTypeService[2m > [22mdeleteType[2m > [22mshould throw ValidationError if trying to delete system-defined type[32m 1[2mms[22m[39m
[31m   ΓåÆ promise resolved "undefined" instead of rejecting[39m
 [32mΓ£ô[39m tests/unit/services/membership-type.service.test.ts[2m > [22mMembershipTypeService[2m > [22mdeleteType[2m > [22mshould throw ValidationError if type has existing members[32m 0[2mms[22m[39m
bun : 
At line:1 char:1
+ bun run vitest 
run tests/unit/servi
ces/membership-type.
service.test.t ...
+ ~~~~~~~~~~~~~~~~~~
~~~~~~~~~~~~~~~~~~~~
~~~~~~~~~~~~~~~~~~~~
~~~~~~~~~~~
    + CategoryInfo  
            : NotS  
  pecified: (:Str   
 ing) [], Remote    
Exception
    + FullyQualifie 
   dErrorId : Nati  
  veCommandError
 
[31mΓÄ»ΓÄ»ΓÄ»ΓÄ»ΓÄ»
ΓÄ»ΓÄ»[39m[1m[41m
 Failed Tests 2 [49
m[22m[31mΓÄ»ΓÄ»ΓÄ»
ΓÄ»ΓÄ»ΓÄ»ΓÄ»[39m

[41m[1m FAIL 
[22m[49m tests/uni
t/services/membershi
p-type.service.test.
ts[2m > [22mMember
shipTypeService[2m 
> 
[22mupdateType[2m 
> [22mshould throw 
ValidationError if 
trying to update 
system-defined type
[31m[1mAssertionEr
ror[22m: promise 
resolved "{ id: 
'1', name: 
'Premium', ΓÇª(2) 
}" instead of 
rejecting[39m

[32m- Expected[39m
[31m+ Received[39m

[32m- Error {[39m
[32m-   "message": 
"rejected 
promise",[39m
[31m+ {[39m
[31m+   "code": 
"REG",[39m
[31m+   "id": 
"1",[39m
[31m+   
"isSystemDefined": 
false,[39m
[31m+   "name": 
"Premium",[39m
[2m  }[22m

[36m [2mΓ¥»[22m t
ests/unit/services/m
embership-type.servi
ce.test.ts:[2m186:7
0[22m[39m
    [90m184| [39m 
           vi.mocked
(membershipTypeRepos
itory.findById).mock
ResolvedVΓÇª
    [90m185| [39m
    [90m186| [39m 
           await exp
ect(service.updateTy
pe('1', { name: 
'Premium' }))ΓÇª
    [90m   | [39m 
                    
                    
                    
        [31m^[39m
    [90m187| [39m 
       })[33m;[39m
    [90m188| [39m

[31m[2mΓÄ»ΓÄ»ΓÄ»ΓÄ
»ΓÄ»ΓÄ»ΓÄ»ΓÄ»ΓÄ»ΓÄ»Γ
Ä»ΓÄ»ΓÄ»ΓÄ»ΓÄ»ΓÄ»ΓÄ»
ΓÄ»ΓÄ»ΓÄ»ΓÄ»ΓÄ»ΓÄ»ΓÄ
»[1/2]ΓÄ»[22m[39m

[41m[1m FAIL 
[22m[49m tests/uni
t/services/membershi
p-type.service.test.
ts[2m > [22mMember
shipTypeService[2m 
> 
[22mdeleteType[2m 
> [22mshould throw 
ValidationError if 
trying to delete 
system-defined type
[31m[1mAssertionEr
ror[22m: promise 
resolved 
"undefined" instead 
of rejecting[39m

[32m- 
Expected:[39m 
Error {
  "message": 
"rejected promise",
}

[31m+ 
Received:[39m 
undefined

[36m [2mΓ¥»[22m t
ests/unit/services/m
embership-type.servi
ce.test.ts:[2m257:4
9[22m[39m
    [90m255| [39m 
           vi.mocked
(membershipTypeRepos
itory.findById).mock
ResolvedVΓÇª
    [90m256| [39m
    [90m257| [39m 
           await exp
ect(service.deleteTy
pe('1')).rejects.toT
hrow(ValiΓÇª
    [90m   | [39m 
                    
                    
       [31m^[39m
    [90m258| [39m 
       })[33m;[39m
    [90m259| [39m

[31m[2mΓÄ»ΓÄ»ΓÄ»ΓÄ
»ΓÄ»ΓÄ»ΓÄ»ΓÄ»ΓÄ»ΓÄ»Γ
Ä»ΓÄ»ΓÄ»ΓÄ»ΓÄ»ΓÄ»ΓÄ»
ΓÄ»ΓÄ»ΓÄ»ΓÄ»ΓÄ»ΓÄ»ΓÄ
»[2/2]ΓÄ»[22m[39m


[2m Test Files [22m [1m[31m1 failed[39m[22m[90m (1)[39m
[2m      Tests [22m [1m[31m2 failed[39m[22m[2m | [22m[1m[32m14 passed[39m[22m[90m (16)[39m
[2m   Start at [22m 07:53:24
[2m   Duration [22m 941ms[2m (transform 118ms, setup 236ms, import 70ms, tests 15ms, environment 469ms)[22m

