prisma/seeds/admin-user.seed.ts(26,1): error TS1128: Declaration or statement expected.
prisma/seeds/permissions.seed.ts(21,3): error TS1128: Declaration or statement expected.
prisma/seeds/permissions.seed.ts(24,1): error TS1128: Declaration or statement expected.
repositories/user.repository.ts(11,6): error TS1003: Identifier expected.
repositories/user.repository.ts(11,14): error TS1005: ',' expected.
repositories/user.repository.ts(15,13): error TS1005: ',' expected.
repositories/user.repository.ts(23,13): error TS1005: ',' expected.
repositories/user.repository.ts(27,13): error TS1005: ',' expected.
repositories/user.repository.ts(31,13): error TS1005: ',' expected.
repositories/user.repository.ts(35,13): error TS1005: ',' expected.
repositories/user.repository.ts(35,29): error TS1005: ',' expected.
repositories/user.repository.ts(35,42): error TS1005: ';' expected.
repositories/user.repository.ts(60,3): error TS1128: Declaration or statement expected.
repositories/user.repository.ts(65,3): error TS1434: Unexpected keyword or identifier.
repositories/user.repository.ts(65,24): error TS1005: ',' expected.
repositories/user.repository.ts(65,34): error TS1005: ';' expected.
repositories/user.repository.ts(91,3): error TS1434: Unexpected keyword or identifier.
repositories/user.repository.ts(91,26): error TS1005: ',' expected.
repositories/user.repository.ts(91,36): error TS1005: ';' expected.
repositories/user.repository.ts(112,3): error TS1434: Unexpected keyword or identifier.
repositories/user.repository.ts(112,20): error TS1005: ',' expected.
repositories/user.repository.ts(112,46): error TS1005: ';' expected.
repositories/user.repository.ts(125,3): error TS1434: Unexpected keyword or identifier.
repositories/user.repository.ts(125,22): error TS1005: ',' expected.
repositories/user.repository.ts(125,36): error TS1005: ',' expected.
repositories/user.repository.ts(125,62): error TS1005: ';' expected.
repositories/user.repository.ts(139,3): error TS1434: Unexpected keyword or identifier.
repositories/user.repository.ts(139,23): error TS1005: ')' expected.
repositories/user.repository.ts(139,25): error TS1434: Unexpected keyword or identifier.
repositories/user.repository.ts(139,31): error TS1128: Declaration or statement expected.
repositories/user.repository.ts(148,3): error TS1434: Unexpected keyword or identifier.
repositories/user.repository.ts(148,28): error TS1005: ',' expected.
repositories/user.repository.ts(148,44): error TS1005: ',' expected.
repositories/user.repository.ts(148,54): error TS1005: ';' expected.
repositories/user.repository.ts(158,3): error TS1434: Unexpected keyword or identifier.
repositories/user.repository.ts(158,31): error TS1005: ',' expected.
repositories/user.repository.ts(158,41): error TS1005: ';' expected.
repositories/user.repository.ts(168,3): error TS1434: Unexpected keyword or identifier.
repositories/user.repository.ts(168,30): error TS1005: ',' expected.
repositories/user.repository.ts(168,52): error TS1005: ',' expected.
repositories/user.repository.ts(168,62): error TS1005: ';' expected.
repositories/user.repository.ts(181,3): error TS1434: Unexpected keyword or identifier.
repositories/user.repository.ts(181,35): error TS1005: ',' expected.
repositories/user.repository.ts(181,53): error TS1005: ',' expected.
repositories/user.repository.ts(181,64): error TS1005: ';' expected.
repositories/user.repository.ts(191,3): error TS1434: Unexpected keyword or identifier.
repositories/user.repository.ts(191,30): error TS1005: ',' expected.
repositories/user.repository.ts(191,40): error TS1005: ';' expected.
repositories/user.repository.ts(203,3): error TS1434: Unexpected keyword or identifier.
repositories/user.repository.ts(203,26): error TS1005: ',' expected.
repositories/user.repository.ts(203,36): error TS1005: ';' expected.
repositories/user.repository.ts(215,3): error TS1434: Unexpected keyword or identifier.
repositories/user.repository.ts(215,26): error TS1005: ',' expected.
repositories/user.repository.ts(215,51): error TS1109: Expression expected.
repositories/user.repository.ts(215,61): error TS1005: ';' expected.
repositories/user.repository.ts(225,1): error TS1128: Declaration or statement expected.
